Analysis & Synthesis report for eda1
Sun Dec 05 03:31:56 2021
Quartus II 64-Bit Version 13.0.0 Build 156 04/24/2013 SJ Full Version


---------------------
; Table of Contents ;
---------------------
  1. Legal Notice
  2. Analysis & Synthesis Summary
  3. Analysis & Synthesis Settings
  4. Parallel Compilation
  5. Analysis & Synthesis Source Files Read
  6. Analysis & Synthesis Resource Usage Summary
  7. Analysis & Synthesis Resource Utilization by Entity
  8. Registers Removed During Synthesis
  9. General Register Statistics
 10. Multiplexer Restructuring Statistics (Restructuring Performed)
 11. Parameter Settings for Inferred Entity Instance: div32:my_div32|lpm_divide:Div0
 12. Parameter Settings for Inferred Entity Instance: gettempnumber:my_gettempnumber|lpm_divide:Mod2
 13. Port Connectivity Checks: "gettempnumber:my_gettempnumber"
 14. Port Connectivity Checks: "selector:my_selector"
 15. Port Connectivity Checks: "div32:my_div32"
 16. Port Connectivity Checks: "mul16:my_mul16"
 17. Port Connectivity Checks: "sub32:my_sub32"
 18. Port Connectivity Checks: "add32:my_add32"
 19. Elapsed Time Per Partition
 20. Analysis & Synthesis Messages



----------------
; Legal Notice ;
----------------
Copyright (C) 1991-2013 Altera Corporation
Your use of Altera Corporation's design tools, logic functions 
and other software and tools, and its AMPP partner logic 
functions, and any output files from any of the foregoing 
(including device programming or simulation files), and any 
associated documentation or information are expressly subject 
to the terms and conditions of the Altera Program License 
Subscription Agreement, Altera MegaCore Function License 
Agreement, or other applicable license agreement, including, 
without limitation, that your use is for the sole purpose of 
programming logic devices manufactured by Altera and sold by 
Altera or its authorized distributors.  Please refer to the 
applicable agreement for further details.



+----------------------------------------------------------------------------------+
; Analysis & Synthesis Summary                                                     ;
+------------------------------------+---------------------------------------------+
; Analysis & Synthesis Status        ; Successful - Sun Dec 05 03:31:56 2021       ;
; Quartus II 64-Bit Version          ; 13.0.0 Build 156 04/24/2013 SJ Full Version ;
; Revision Name                      ; eda1                                        ;
; Top-level Entity Name              ; eda1                                        ;
; Family                             ; Cyclone III                                 ;
; Total logic elements               ; 1,511                                       ;
;     Total combinational functions  ; 1,511                                       ;
;     Dedicated logic registers      ; 19                                          ;
; Total registers                    ; 19                                          ;
; Total pins                         ; 24                                          ;
; Total virtual pins                 ; 0                                           ;
; Total memory bits                  ; 0                                           ;
; Embedded Multiplier 9-bit elements ; 0                                           ;
; Total PLLs                         ; 0                                           ;
+------------------------------------+---------------------------------------------+


+----------------------------------------------------------------------------------------------------------------------+
; Analysis & Synthesis Settings                                                                                        ;
+----------------------------------------------------------------------------+--------------------+--------------------+
; Option                                                                     ; Setting            ; Default Value      ;
+----------------------------------------------------------------------------+--------------------+--------------------+
; Device                                                                     ; EP3C16Q240C8       ;                    ;
; Top-level entity name                                                      ; eda1               ; eda1               ;
; Family name                                                                ; Cyclone III        ; Cyclone IV GX      ;
; Use smart compilation                                                      ; Off                ; Off                ;
; Enable parallel Assembler and TimeQuest Timing Analyzer during compilation ; On                 ; On                 ;
; Enable compact report table                                                ; Off                ; Off                ;
; Restructure Multiplexers                                                   ; Auto               ; Auto               ;
; Create Debugging Nodes for IP Cores                                        ; Off                ; Off                ;
; Preserve fewer node names                                                  ; On                 ; On                 ;
; Disable OpenCore Plus hardware evaluation                                  ; Off                ; Off                ;
; Verilog Version                                                            ; Verilog_2001       ; Verilog_2001       ;
; VHDL Version                                                               ; VHDL_1993          ; VHDL_1993          ;
; State Machine Processing                                                   ; Auto               ; Auto               ;
; Safe State Machine                                                         ; Off                ; Off                ;
; Extract Verilog State Machines                                             ; On                 ; On                 ;
; Extract VHDL State Machines                                                ; On                 ; On                 ;
; Ignore Verilog initial constructs                                          ; Off                ; Off                ;
; Iteration limit for constant Verilog loops                                 ; 5000               ; 5000               ;
; Iteration limit for non-constant Verilog loops                             ; 250                ; 250                ;
; Add Pass-Through Logic to Inferred RAMs                                    ; On                 ; On                 ;
; Infer RAMs from Raw Logic                                                  ; On                 ; On                 ;
; Parallel Synthesis                                                         ; On                 ; On                 ;
; DSP Block Balancing                                                        ; Auto               ; Auto               ;
; NOT Gate Push-Back                                                         ; On                 ; On                 ;
; Power-Up Don't Care                                                        ; On                 ; On                 ;
; Remove Redundant Logic Cells                                               ; Off                ; Off                ;
; Remove Duplicate Registers                                                 ; On                 ; On                 ;
; Ignore CARRY Buffers                                                       ; Off                ; Off                ;
; Ignore CASCADE Buffers                                                     ; Off                ; Off                ;
; Ignore GLOBAL Buffers                                                      ; Off                ; Off                ;
; Ignore ROW GLOBAL Buffers                                                  ; Off                ; Off                ;
; Ignore LCELL Buffers                                                       ; Off                ; Off                ;
; Ignore SOFT Buffers                                                        ; On                 ; On                 ;
; Limit AHDL Integers to 32 Bits                                             ; Off                ; Off                ;
; Optimization Technique                                                     ; Balanced           ; Balanced           ;
; Carry Chain Length                                                         ; 70                 ; 70                 ;
; Auto Carry Chains                                                          ; On                 ; On                 ;
; Auto Open-Drain Pins                                                       ; On                 ; On                 ;
; Perform WYSIWYG Primitive Resynthesis                                      ; Off                ; Off                ;
; Auto ROM Replacement                                                       ; On                 ; On                 ;
; Auto RAM Replacement                                                       ; On                 ; On                 ;
; Auto DSP Block Replacement                                                 ; On                 ; On                 ;
; Auto Shift Register Replacement                                            ; Auto               ; Auto               ;
; Allow Shift Register Merging across Hierarchies                            ; Auto               ; Auto               ;
; Auto Clock Enable Replacement                                              ; On                 ; On                 ;
; Strict RAM Replacement                                                     ; Off                ; Off                ;
; Allow Synchronous Control Signals                                          ; On                 ; On                 ;
; Force Use of Synchronous Clear Signals                                     ; Off                ; Off                ;
; Auto RAM Block Balancing                                                   ; On                 ; On                 ;
; Auto RAM to Logic Cell Conversion                                          ; Off                ; Off                ;
; Auto Resource Sharing                                                      ; Off                ; Off                ;
; Allow Any RAM Size For Recognition                                         ; Off                ; Off                ;
; Allow Any ROM Size For Recognition                                         ; Off                ; Off                ;
; Allow Any Shift Register Size For Recognition                              ; Off                ; Off                ;
; Use LogicLock Constraints during Resource Balancing                        ; On                 ; On                 ;
; Ignore translate_off and synthesis_off directives                          ; Off                ; Off                ;
; Timing-Driven Synthesis                                                    ; On                 ; On                 ;
; Report Parameter Settings                                                  ; On                 ; On                 ;
; Report Source Assignments                                                  ; On                 ; On                 ;
; Report Connectivity Checks                                                 ; On                 ; On                 ;
; Ignore Maximum Fan-Out Assignments                                         ; Off                ; Off                ;
; Synchronization Register Chain Length                                      ; 2                  ; 2                  ;
; PowerPlay Power Optimization                                               ; Normal compilation ; Normal compilation ;
; HDL message level                                                          ; Level2             ; Level2             ;
; Suppress Register Optimization Related Messages                            ; Off                ; Off                ;
; Number of Removed Registers Reported in Synthesis Report                   ; 5000               ; 5000               ;
; Number of Swept Nodes Reported in Synthesis Report                         ; 5000               ; 5000               ;
; Number of Inverted Registers Reported in Synthesis Report                  ; 100                ; 100                ;
; Clock MUX Protection                                                       ; On                 ; On                 ;
; Auto Gated Clock Conversion                                                ; Off                ; Off                ;
; Block Design Naming                                                        ; Auto               ; Auto               ;
; SDC constraint protection                                                  ; Off                ; Off                ;
; Synthesis Effort                                                           ; Auto               ; Auto               ;
; Shift Register Replacement - Allow Asynchronous Clear Signal               ; On                 ; On                 ;
; Pre-Mapping Resynthesis Optimization                                       ; Off                ; Off                ;
; Analysis & Synthesis Message Level                                         ; Medium             ; Medium             ;
; Disable Register Merging Across Hierarchies                                ; Auto               ; Auto               ;
; Resource Aware Inference For Block RAM                                     ; On                 ; On                 ;
; Synthesis Seed                                                             ; 1                  ; 1                  ;
+----------------------------------------------------------------------------+--------------------+--------------------+


+------------------------------------------+
; Parallel Compilation                     ;
+----------------------------+-------------+
; Processors                 ; Number      ;
+----------------------------+-------------+
; Number detected on machine ; 12          ;
; Maximum allowed            ; 6           ;
;                            ;             ;
; Average used               ; 1.00        ;
; Maximum used               ; 3           ;
;                            ;             ;
; Usage by Processor         ; % Time Used ;
;     Processor 1            ; 100.0%      ;
;     Processors 2-3         ; < 0.1%      ;
;     Processors 4-12        ;   0.0%      ;
+----------------------------+-------------+


+------------------------------------------------------------------------------------------------------------------------------------------------------------------+
; Analysis & Synthesis Source Files Read                                                                                                                           ;
+----------------------------------+-----------------+------------------------------+--------------------------------------------------------------------+---------+
; File Name with User-Entered Path ; Used in Netlist ; File Type                    ; File Name with Absolute Path                                       ; Library ;
+----------------------------------+-----------------+------------------------------+--------------------------------------------------------------------+---------+
; eda1.v                           ; yes             ; Auto-Found Verilog HDL File  ; C:/Users/Xsu1023/Desktop/eda13/eda1.v                              ;         ;
; lpm_divide.tdf                   ; yes             ; Megafunction                 ; c:/altera/13.0/quartus/libraries/megafunctions/lpm_divide.tdf      ;         ;
; abs_divider.inc                  ; yes             ; Megafunction                 ; c:/altera/13.0/quartus/libraries/megafunctions/abs_divider.inc     ;         ;
; sign_div_unsign.inc              ; yes             ; Megafunction                 ; c:/altera/13.0/quartus/libraries/megafunctions/sign_div_unsign.inc ;         ;
; aglobal130.inc                   ; yes             ; Megafunction                 ; c:/altera/13.0/quartus/libraries/megafunctions/aglobal130.inc      ;         ;
; db/lpm_divide_8jm.tdf            ; yes             ; Auto-Generated Megafunction  ; C:/Users/Xsu1023/Desktop/eda13/db/lpm_divide_8jm.tdf               ;         ;
; db/sign_div_unsign_9nh.tdf       ; yes             ; Auto-Generated Megafunction  ; C:/Users/Xsu1023/Desktop/eda13/db/sign_div_unsign_9nh.tdf          ;         ;
; db/alt_u_div_t8f.tdf             ; yes             ; Auto-Generated Megafunction  ; C:/Users/Xsu1023/Desktop/eda13/db/alt_u_div_t8f.tdf                ;         ;
; db/add_sub_unc.tdf               ; yes             ; Auto-Generated Megafunction  ; C:/Users/Xsu1023/Desktop/eda13/db/add_sub_unc.tdf                  ;         ;
; db/add_sub_vnc.tdf               ; yes             ; Auto-Generated Megafunction  ; C:/Users/Xsu1023/Desktop/eda13/db/add_sub_vnc.tdf                  ;         ;
; db/lpm_divide_d8m.tdf            ; yes             ; Auto-Generated Megafunction  ; C:/Users/Xsu1023/Desktop/eda13/db/lpm_divide_d8m.tdf               ;         ;
; db/sign_div_unsign_bkh.tdf       ; yes             ; Auto-Generated Megafunction  ; C:/Users/Xsu1023/Desktop/eda13/db/sign_div_unsign_bkh.tdf          ;         ;
; db/alt_u_div_13f.tdf             ; yes             ; Auto-Generated Megafunction  ; C:/Users/Xsu1023/Desktop/eda13/db/alt_u_div_13f.tdf                ;         ;
+----------------------------------+-----------------+------------------------------+--------------------------------------------------------------------+---------+


+-------------------------------------------------------------------------------------------------------------------------------------------------------------------------------------------+
; Analysis & Synthesis Resource Usage Summary                                                                                                                                               ;
+---------------------------------------------+---------------------------------------------------------------------------------------------------------------------------------------------+
; Resource                                    ; Usage                                                                                                                                       ;
+---------------------------------------------+---------------------------------------------------------------------------------------------------------------------------------------------+
; Estimated Total logic elements              ; 1,511                                                                                                                                       ;
;                                             ;                                                                                                                                             ;
; Total combinational functions               ; 1511                                                                                                                                        ;
; Logic element usage by number of LUT inputs ;                                                                                                                                             ;
;     -- 4 input functions                    ; 456                                                                                                                                         ;
;     -- 3 input functions                    ; 549                                                                                                                                         ;
;     -- <=2 input functions                  ; 506                                                                                                                                         ;
;                                             ;                                                                                                                                             ;
; Logic elements by mode                      ;                                                                                                                                             ;
;     -- normal mode                          ; 972                                                                                                                                         ;
;     -- arithmetic mode                      ; 539                                                                                                                                         ;
;                                             ;                                                                                                                                             ;
; Total registers                             ; 19                                                                                                                                          ;
;     -- Dedicated logic registers            ; 19                                                                                                                                          ;
;     -- I/O registers                        ; 0                                                                                                                                           ;
;                                             ;                                                                                                                                             ;
; I/O pins                                    ; 24                                                                                                                                          ;
; Embedded Multiplier 9-bit elements          ; 0                                                                                                                                           ;
; Maximum fan-out node                        ; div32:my_div32|lpm_divide:Div0|lpm_divide_8jm:auto_generated|sign_div_unsign_9nh:divider|alt_u_div_t8f:divider|add_sub_29_result_int[30]~60 ;
; Maximum fan-out                             ; 85                                                                                                                                          ;
; Total fan-out                               ; 4495                                                                                                                                        ;
; Average fan-out                             ; 2.85                                                                                                                                        ;
+---------------------------------------------+---------------------------------------------------------------------------------------------------------------------------------------------+


+---------------------------------------------------------------------------------------------------------------------------------------------------------------------------------------------------------------------------------------------------------------------------------------------+
; Analysis & Synthesis Resource Utilization by Entity                                                                                                                                                                                                                                         ;
+-------------------------------------------+-------------------+--------------+-------------+--------------+---------+-----------+------+--------------+----------------------------------------------------------------------------------------------------------------------+--------------+
; Compilation Hierarchy Node                ; LC Combinationals ; LC Registers ; Memory Bits ; DSP Elements ; DSP 9x9 ; DSP 18x18 ; Pins ; Virtual Pins ; Full Hierarchy Name                                                                                                  ; Library Name ;
+-------------------------------------------+-------------------+--------------+-------------+--------------+---------+-----------+------+--------------+----------------------------------------------------------------------------------------------------------------------+--------------+
; |eda1                                     ; 1511 (0)          ; 19 (0)       ; 0           ; 0            ; 0       ; 0         ; 24   ; 0            ; |eda1                                                                                                                ;              ;
;    |clock:my_clock|                       ; 16 (16)           ; 16 (16)      ; 0           ; 0            ; 0       ; 0         ; 0    ; 0            ; |eda1|clock:my_clock                                                                                                 ;              ;
;    |counter:my_counter|                   ; 3 (3)             ; 3 (3)        ; 0           ; 0            ; 0       ; 0         ; 0    ; 0            ; |eda1|counter:my_counter                                                                                             ;              ;
;    |div32:my_div32|                       ; 1454 (0)          ; 0 (0)        ; 0           ; 0            ; 0       ; 0         ; 0    ; 0            ; |eda1|div32:my_div32                                                                                                 ;              ;
;       |lpm_divide:Div0|                   ; 1454 (0)          ; 0 (0)        ; 0           ; 0            ; 0       ; 0         ; 0    ; 0            ; |eda1|div32:my_div32|lpm_divide:Div0                                                                                 ;              ;
;          |lpm_divide_8jm:auto_generated|  ; 1454 (0)          ; 0 (0)        ; 0           ; 0            ; 0       ; 0         ; 0    ; 0            ; |eda1|div32:my_div32|lpm_divide:Div0|lpm_divide_8jm:auto_generated                                                   ;              ;
;             |sign_div_unsign_9nh:divider| ; 1454 (0)          ; 0 (0)        ; 0           ; 0            ; 0       ; 0         ; 0    ; 0            ; |eda1|div32:my_div32|lpm_divide:Div0|lpm_divide_8jm:auto_generated|sign_div_unsign_9nh:divider                       ;              ;
;                |alt_u_div_t8f:divider|    ; 1454 (1454)       ; 0 (0)        ; 0           ; 0            ; 0       ; 0         ; 0    ; 0            ; |eda1|div32:my_div32|lpm_divide:Div0|lpm_divide_8jm:auto_generated|sign_div_unsign_9nh:divider|alt_u_div_t8f:divider ;              ;
;    |gettempnumber:my_gettempnumber|       ; 22 (22)           ; 0 (0)        ; 0           ; 0            ; 0       ; 0         ; 0    ; 0            ; |eda1|gettempnumber:my_gettempnumber                                                                                 ;              ;
;    |numbertranslator:my_numbertranslator| ; 14 (14)           ; 0 (0)        ; 0           ; 0            ; 0       ; 0         ; 0    ; 0            ; |eda1|numbertranslator:my_numbertranslator                                                                           ;              ;
;    |sub32:my_sub32|                       ; 2 (2)             ; 0 (0)        ; 0           ; 0            ; 0       ; 0         ; 0    ; 0            ; |eda1|sub32:my_sub32                                                                                                 ;              ;
+-------------------------------------------+-------------------+--------------+-------------+--------------+---------+-----------+------+--------------+----------------------------------------------------------------------------------------------------------------------+--------------+
Note: For table entries with two numbers listed, the numbers in parentheses indicate the number of resources of the given type used by the specific entity alone. The numbers listed outside of parentheses indicate the total resources of the given type used by the specific entity and all of its sub-entities in the hierarchy.


+-------------------------------------------------------------+
; Registers Removed During Synthesis                          ;
+----------------------------------------+--------------------+
; Register name                          ; Reason for Removal ;
+----------------------------------------+--------------------+
; clock:my_clock|count[16..30]           ; Lost fanout        ;
; Total Number of Removed Registers = 15 ;                    ;
+----------------------------------------+--------------------+


+------------------------------------------------------+
; General Register Statistics                          ;
+----------------------------------------------+-------+
; Statistic                                    ; Value ;
+----------------------------------------------+-------+
; Total registers                              ; 19    ;
; Number of registers using Synchronous Clear  ; 0     ;
; Number of registers using Synchronous Load   ; 0     ;
; Number of registers using Asynchronous Clear ; 0     ;
; Number of registers using Asynchronous Load  ; 0     ;
; Number of registers using Clock Enable       ; 0     ;
; Number of registers using Preset             ; 0     ;
+----------------------------------------------+-------+


+---------------------------------------------------------------------------------------------------------------------------------------------------------+
; Multiplexer Restructuring Statistics (Restructuring Performed)                                                                                          ;
+--------------------+-----------+---------------+----------------------+------------------------+------------+-------------------------------------------+
; Multiplexer Inputs ; Bus Width ; Baseline Area ; Area if Restructured ; Saving if Restructured ; Registered ; Example Multiplexer Output                ;
+--------------------+-----------+---------------+----------------------+------------------------+------------+-------------------------------------------+
; 8:1                ; 3 bits    ; 15 LEs        ; 12 LEs               ; 3 LEs                  ; No         ; |eda1|gettempnumber:my_gettempnumber|Mux0 ;
+--------------------+-----------+---------------+----------------------+------------------------+------------+-------------------------------------------+


+---------------------------------------------------------------------------------+
; Parameter Settings for Inferred Entity Instance: div32:my_div32|lpm_divide:Div0 ;
+------------------------+----------------+---------------------------------------+
; Parameter Name         ; Value          ; Type                                  ;
+------------------------+----------------+---------------------------------------+
; LPM_WIDTHN             ; 32             ; Untyped                               ;
; LPM_WIDTHD             ; 32             ; Untyped                               ;
; LPM_NREPRESENTATION    ; UNSIGNED       ; Untyped                               ;
; LPM_DREPRESENTATION    ; UNSIGNED       ; Untyped                               ;
; LPM_PIPELINE           ; 0              ; Untyped                               ;
; LPM_REMAINDERPOSITIVE  ; TRUE           ; Untyped                               ;
; MAXIMIZE_SPEED         ; 5              ; Untyped                               ;
; CBXI_PARAMETER         ; lpm_divide_8jm ; Untyped                               ;
; CARRY_CHAIN            ; MANUAL         ; Untyped                               ;
; OPTIMIZE_FOR_SPEED     ; 5              ; Untyped                               ;
; AUTO_CARRY_CHAINS      ; ON             ; AUTO_CARRY                            ;
; IGNORE_CARRY_BUFFERS   ; OFF            ; IGNORE_CARRY                          ;
; AUTO_CASCADE_CHAINS    ; ON             ; AUTO_CASCADE                          ;
; IGNORE_CASCADE_BUFFERS ; OFF            ; IGNORE_CASCADE                        ;
+------------------------+----------------+---------------------------------------+
Note: In order to hide this table in the UI and the text report file, please set the "Show Parameter Settings in Synthesis Report" option in "Analysis and Synthesis Settings -> More Settings" to "Off".


+-------------------------------------------------------------------------------------------------+
; Parameter Settings for Inferred Entity Instance: gettempnumber:my_gettempnumber|lpm_divide:Mod2 ;
+------------------------+----------------+-------------------------------------------------------+
; Parameter Name         ; Value          ; Type                                                  ;
+------------------------+----------------+-------------------------------------------------------+
; LPM_WIDTHN             ; 8              ; Untyped                                               ;
; LPM_WIDTHD             ; 4              ; Untyped                                               ;
; LPM_NREPRESENTATION    ; UNSIGNED       ; Untyped                                               ;
; LPM_DREPRESENTATION    ; UNSIGNED       ; Untyped                                               ;
; LPM_PIPELINE           ; 0              ; Untyped                                               ;
; LPM_REMAINDERPOSITIVE  ; TRUE           ; Untyped                                               ;
; MAXIMIZE_SPEED         ; 5              ; Untyped                                               ;
; CBXI_PARAMETER         ; lpm_divide_d8m ; Untyped                                               ;
; CARRY_CHAIN            ; MANUAL         ; Untyped                                               ;
; OPTIMIZE_FOR_SPEED     ; 5              ; Untyped                                               ;
; AUTO_CARRY_CHAINS      ; ON             ; AUTO_CARRY                                            ;
; IGNORE_CARRY_BUFFERS   ; OFF            ; IGNORE_CARRY                                          ;
; AUTO_CASCADE_CHAINS    ; ON             ; AUTO_CASCADE                                          ;
; IGNORE_CASCADE_BUFFERS ; OFF            ; IGNORE_CASCADE                                        ;
+------------------------+----------------+-------------------------------------------------------+
Note: In order to hide this table in the UI and the text report file, please set the "Show Parameter Settings in Synthesis Report" option in "Analysis and Synthesis Settings -> More Settings" to "Off".


+------------------------------------------------------------------------------------------------------------------------------------------------------------------------------------+
; Port Connectivity Checks: "gettempnumber:my_gettempnumber"                                                                                                                         ;
+------------+-------+----------+----------------------------------------------------------------------------------------------------------------------------------------------------+
; Port       ; Type  ; Severity ; Details                                                                                                                                            ;
+------------+-------+----------+----------------------------------------------------------------------------------------------------------------------------------------------------+
; generalans ; Input ; Warning  ; Input port expression (1 bits) is smaller than the input port (8 bits) it drives.  Extra input bit(s) "generalans[7..1]" will be connected to GND. ;
+------------+-------+----------+----------------------------------------------------------------------------------------------------------------------------------------------------+


+--------------------------------------------------------------------------------------------------------------------------------------------------------------------------+
; Port Connectivity Checks: "selector:my_selector"                                                                                                                         ;
+------+--------+----------+-----------------------------------------------------------------------------------------------------------------------------------------------+
; Port ; Type   ; Severity ; Details                                                                                                                                       ;
+------+--------+----------+-----------------------------------------------------------------------------------------------------------------------------------------------+
; in0  ; Input  ; Warning  ; Input port expression (8 bits) is smaller than the input port (32 bits) it drives.  Extra input bit(s) "in0[31..8]" will be connected to GND. ;
; in1  ; Input  ; Warning  ; Input port expression (8 bits) is smaller than the input port (32 bits) it drives.  Extra input bit(s) "in1[31..8]" will be connected to GND. ;
; in2  ; Input  ; Warning  ; Input port expression (8 bits) is smaller than the input port (32 bits) it drives.  Extra input bit(s) "in2[31..8]" will be connected to GND. ;
; in3  ; Input  ; Warning  ; Input port expression (8 bits) is smaller than the input port (32 bits) it drives.  Extra input bit(s) "in3[31..8]" will be connected to GND. ;
; out  ; Output ; Warning  ; Output or bidir port (32 bits) is wider than the port expression (1 bits) it drives; bit(s) "out[31..1]" have no fanouts                      ;
+------+--------+----------+-----------------------------------------------------------------------------------------------------------------------------------------------+


+--------------------------------------------------------------------------------------------------------------------------------------------------------------------------+
; Port Connectivity Checks: "div32:my_div32"                                                                                                                               ;
+------+--------+----------+-----------------------------------------------------------------------------------------------------------------------------------------------+
; Port ; Type   ; Severity ; Details                                                                                                                                       ;
+------+--------+----------+-----------------------------------------------------------------------------------------------------------------------------------------------+
; in1  ; Input  ; Warning  ; Input port expression (4 bits) is smaller than the input port (32 bits) it drives.  Extra input bit(s) "in1[31..4]" will be connected to GND. ;
; in2  ; Input  ; Warning  ; Input port expression (4 bits) is smaller than the input port (32 bits) it drives.  Extra input bit(s) "in2[31..4]" will be connected to GND. ;
; out  ; Output ; Warning  ; Output or bidir port (32 bits) is wider than the port expression (8 bits) it drives; bit(s) "out[31..8]" have no fanouts                      ;
+------+--------+----------+-----------------------------------------------------------------------------------------------------------------------------------------------+


+--------------------------------------------------------------------------------------------------------------------------------------------------------------------------+
; Port Connectivity Checks: "mul16:my_mul16"                                                                                                                               ;
+------+--------+----------+-----------------------------------------------------------------------------------------------------------------------------------------------+
; Port ; Type   ; Severity ; Details                                                                                                                                       ;
+------+--------+----------+-----------------------------------------------------------------------------------------------------------------------------------------------+
; in1  ; Input  ; Warning  ; Input port expression (4 bits) is smaller than the input port (16 bits) it drives.  Extra input bit(s) "in1[15..4]" will be connected to GND. ;
; in2  ; Input  ; Warning  ; Input port expression (4 bits) is smaller than the input port (16 bits) it drives.  Extra input bit(s) "in2[15..4]" will be connected to GND. ;
; out  ; Output ; Warning  ; Output or bidir port (16 bits) is wider than the port expression (8 bits) it drives; bit(s) "out[15..8]" have no fanouts                      ;
+------+--------+----------+-----------------------------------------------------------------------------------------------------------------------------------------------+


+--------------------------------------------------------------------------------------------------------------------------------------------------------------------------+
; Port Connectivity Checks: "sub32:my_sub32"                                                                                                                               ;
+------+--------+----------+-----------------------------------------------------------------------------------------------------------------------------------------------+
; Port ; Type   ; Severity ; Details                                                                                                                                       ;
+------+--------+----------+-----------------------------------------------------------------------------------------------------------------------------------------------+
; in1  ; Input  ; Warning  ; Input port expression (4 bits) is smaller than the input port (32 bits) it drives.  Extra input bit(s) "in1[31..4]" will be connected to GND. ;
; in2  ; Input  ; Warning  ; Input port expression (4 bits) is smaller than the input port (32 bits) it drives.  Extra input bit(s) "in2[31..4]" will be connected to GND. ;
; out  ; Output ; Warning  ; Output or bidir port (32 bits) is wider than the port expression (8 bits) it drives; bit(s) "out[31..8]" have no fanouts                      ;
+------+--------+----------+-----------------------------------------------------------------------------------------------------------------------------------------------+


+--------------------------------------------------------------------------------------------------------------------------------------------------------------------------+
; Port Connectivity Checks: "add32:my_add32"                                                                                                                               ;
+------+--------+----------+-----------------------------------------------------------------------------------------------------------------------------------------------+
; Port ; Type   ; Severity ; Details                                                                                                                                       ;
+------+--------+----------+-----------------------------------------------------------------------------------------------------------------------------------------------+
; in1  ; Input  ; Warning  ; Input port expression (4 bits) is smaller than the input port (32 bits) it drives.  Extra input bit(s) "in1[31..4]" will be connected to GND. ;
; in2  ; Input  ; Warning  ; Input port expression (4 bits) is smaller than the input port (32 bits) it drives.  Extra input bit(s) "in2[31..4]" will be connected to GND. ;
; out  ; Output ; Warning  ; Output or bidir port (32 bits) is wider than the port expression (8 bits) it drives; bit(s) "out[31..8]" have no fanouts                      ;
+------+--------+----------+-----------------------------------------------------------------------------------------------------------------------------------------------+


+-------------------------------+
; Elapsed Time Per Partition    ;
+----------------+--------------+
; Partition Name ; Elapsed Time ;
+----------------+--------------+
; Top            ; 00:00:06     ;
+----------------+--------------+


+-------------------------------+
; Analysis & Synthesis Messages ;
+-------------------------------+
Info: *******************************************************************
Info: Running Quartus II 64-Bit Analysis & Synthesis
    Info: Version 13.0.0 Build 156 04/24/2013 SJ Full Version
    Info: Processing started: Sun Dec 05 03:31:49 2021
Info: Command: quartus_map --read_settings_files=on --write_settings_files=off eda1 -c eda1
Info (11104): Parallel Compilation has detected 12 hyper-threaded processors. However, the extra hyper-threaded processors will not be used by default. Parallel Compilation will use 6 of the 6 physical processors detected instead.
Warning (12019): Can't analyze file -- file eda11.v is missing
Warning (12125): Using design file eda1.v, which is not specified as a design file for the current project, but contains definitions for 11 design units and 11 entities in project
    Info (12023): Found entity 1: add32
    Info (12023): Found entity 2: div32
    Info (12023): Found entity 3: sub32
    Info (12023): Found entity 4: mul16
    Info (12023): Found entity 5: selector
    Info (12023): Found entity 6: clock
    Info (12023): Found entity 7: counter
    Info (12023): Found entity 8: segtranslator
    Info (12023): Found entity 9: gettempnumber
    Info (12023): Found entity 10: numbertranslator
    Info (12023): Found entity 11: eda1
Info (12127): Elaborating entity "eda1" for the top level hierarchy
Info (12128): Elaborating entity "add32" for hierarchy "add32:my_add32"
Info (12128): Elaborating entity "sub32" for hierarchy "sub32:my_sub32"
Info (12128): Elaborating entity "mul16" for hierarchy "mul16:my_mul16"
Info (12128): Elaborating entity "div32" for hierarchy "div32:my_div32"
Info (12128): Elaborating entity "selector" for hierarchy "selector:my_selector"
Warning (10235): Verilog HDL Always Construct warning at eda1.v(50): variable "in0" is read inside the Always Construct but isn't in the Always Construct's Event Control
Info (12128): Elaborating entity "clock" for hierarchy "clock:my_clock"
Warning (10230): Verilog HDL assignment warning at eda1.v(67): truncated value with size 32 to match size of target (31)
Info (12128): Elaborating entity "counter" for hierarchy "counter:my_counter"
Warning (10230): Verilog HDL assignment warning at eda1.v(78): truncated value with size 32 to match size of target (3)
Info (12128): Elaborating entity "segtranslator" for hierarchy "segtranslator:my_segtranslator"
Info (12128): Elaborating entity "gettempnumber" for hierarchy "gettempnumber:my_gettempnumber"
Warning (10235): Verilog HDL Always Construct warning at eda1.v(110): variable "a" is read inside the Always Construct but isn't in the Always Construct's Event Control
Warning (10235): Verilog HDL Always Construct warning at eda1.v(111): variable "b" is read inside the Always Construct but isn't in the Always Construct's Event Control
Warning (10235): Verilog HDL Always Construct warning at eda1.v(112): variable "sign" is read inside the Always Construct but isn't in the Always Construct's Event Control
Warning (10230): Verilog HDL assignment warning at eda1.v(112): truncated value with size 32 to match size of target (5)
Warning (10230): Verilog HDL assignment warning at eda1.v(113): truncated value with size 32 to match size of target (5)
Warning (10230): Verilog HDL assignment warning at eda1.v(114): truncated value with size 32 to match size of target (5)
Warning (10230): Verilog HDL assignment warning at eda1.v(115): truncated value with size 32 to match size of target (5)
Warning (10230): Verilog HDL assignment warning at eda1.v(116): truncated value with size 32 to match size of target (5)
Info (12128): Elaborating entity "numbertranslator" for hierarchy "numbertranslator:my_numbertranslator"
Info (278001): Inferred 2 megafunctions from design logic
    Info (278004): Inferred divider/modulo megafunction ("lpm_divide") from the following logic: "div32:my_div32|Div0"
    Info (278004): Inferred divider/modulo megafunction ("lpm_divide") from the following logic: "gettempnumber:my_gettempnumber|Mod2"
Info (12130): Elaborated megafunction instantiation "div32:my_div32|lpm_divide:Div0"
Info (12133): Instantiated megafunction "div32:my_div32|lpm_divide:Div0" with the following parameter:
    Info (12134): Parameter "LPM_WIDTHN" = "32"
    Info (12134): Parameter "LPM_WIDTHD" = "32"
    Info (12134): Parameter "LPM_NREPRESENTATION" = "UNSIGNED"
    Info (12134): Parameter "LPM_DREPRESENTATION" = "UNSIGNED"
Info (12021): Found 1 design units, including 1 entities, in source file db/lpm_divide_8jm.tdf
    Info (12023): Found entity 1: lpm_divide_8jm
Info (12021): Found 1 design units, including 1 entities, in source file db/sign_div_unsign_9nh.tdf
    Info (12023): Found entity 1: sign_div_unsign_9nh
Info (12021): Found 1 design units, including 1 entities, in source file db/alt_u_div_t8f.tdf
    Info (12023): Found entity 1: alt_u_div_t8f
Info (12021): Found 1 design units, including 1 entities, in source file db/add_sub_unc.tdf
    Info (12023): Found entity 1: add_sub_unc
Info (12021): Found 1 design units, including 1 entities, in source file db/add_sub_vnc.tdf
    Info (12023): Found entity 1: add_sub_vnc
Info (12130): Elaborated megafunction instantiation "gettempnumber:my_gettempnumber|lpm_divide:Mod2"
Info (12133): Instantiated megafunction "gettempnumber:my_gettempnumber|lpm_divide:Mod2" with the following parameter:
    Info (12134): Parameter "LPM_WIDTHN" = "8"
    Info (12134): Parameter "LPM_WIDTHD" = "4"
    Info (12134): Parameter "LPM_NREPRESENTATION" = "UNSIGNED"
    Info (12134): Parameter "LPM_DREPRESENTATION" = "UNSIGNED"
Info (12021): Found 1 design units, including 1 entities, in source file db/lpm_divide_d8m.tdf
    Info (12023): Found entity 1: lpm_divide_d8m
Info (12021): Found 1 design units, including 1 entities, in source file db/sign_div_unsign_bkh.tdf
    Info (12023): Found entity 1: sign_div_unsign_bkh
Info (12021): Found 1 design units, including 1 entities, in source file db/alt_u_div_13f.tdf
    Info (12023): Found entity 1: alt_u_div_13f
Warning (12241): 6 hierarchies have connectivity warnings - see the Connectivity Checks report folder
Info (286030): Timing-Driven Synthesis is running
Info (17049): 15 registers lost all their fanouts during netlist optimizations.
Info (16010): Generating hard_block partition "hard_block:auto_generated_inst"
    Info (16011): Adding 0 node(s), including 0 DDIO, 0 PLL, 0 transceiver and 0 LCELL
Info (21057): Implemented 1535 device resources after synthesis - the final resource count might be different
    Info (21058): Implemented 11 input pins
    Info (21059): Implemented 13 output pins
    Info (21061): Implemented 1511 logic cells
Info: Quartus II 64-Bit Analysis & Synthesis was successful. 0 errors, 14 warnings
    Info: Peak virtual memory: 4646 megabytes
    Info: Processing ended: Sun Dec 05 03:31:56 2021
    Info: Elapsed time: 00:00:07
    Info: Total CPU time (on all processors): 00:00:07


